Error: No pubspec.yaml file found.
This command should be run from the root of your Flutter project.
